// Jest Snapshot v1, https://goo.gl/fbAQLP

exports[`<TodoItem /> renders correctly 1`] = `
<div>
  <input
    checked={true}
    onChange={[Function]}
    type="checkbox"
  />
  <span
    className="text-strike"
  >
    todo item
  </span>
</div>
`;
